// Jest Snapshot v1, https://goo.gl/fbAQLP

exports[`<AddJogsPage /> unit test Match snap 1`] = `ReactWrapper {}`;
