// Jest Snapshot v1, https://goo.gl/fbAQLP

exports[`<ContactPage /> unit test Match snap 1`] = `ReactWrapper {}`;
