// Jest Snapshot v1, https://goo.gl/fbAQLP

exports[`Header test 1`] = `
<header>
  <a
    href="/"
    onClick={[Function]}
  >
    <svg
      className="header__logo "
    >
      logo.svg
    </svg>
  </a>
</header>
`;
